[    0.000000] Linux version 4.15.0-212-generic (buildd@lcy02-amd64-083) (gcc version 7.5.0 (Ubuntu 7.5.0-3ubuntu1~18.04)) #223-Ubuntu SMP Tue May 23 13:09:22 UTC 2023 (Ubuntu 4.15.0-212.223-generic 4.15.18)
[    0.000000] Command line: BOOT_IMAGE=/boot/vmlinuz-4.15.0-212-generic root=LABEL=cloudimg-rootfs ro console=tty1 console=ttyS0
[    0.000000] KERNEL supported cpus:
[    0.000000]   Intel GenuineIntel
[    0.000000]   AMD AuthenticAMD
[    0.000000]   Centaur CentaurHauls
[    0.000000] x86/fpu: Supporting XSAVE feature 0x001: 'x87 floating point registers'
[    0.000000] x86/fpu: Supporting XSAVE feature 0x002: 'SSE registers'
[    0.000000] x86/fpu: Supporting XSAVE feature 0x004: 'AVX registers'
[    0.000000] x86/fpu: xstate_offset[2]:  576, xstate_sizes[2]:  256
[    0.000000] x86/fpu: Enabled xstate features 0x7, context size is 832 bytes, using 'standard' format.
[    0.000000] e820: BIOS-provided physical RAM map:
[    0.000000] BIOS-e820: [mem 0x0000000000000000-0x000000000009fbff] usable
[    0.000000] BIOS-e820: [mem 0x000000000009fc00-0x000000000009ffff] reserved
[    0.000000] BIOS-e820: [mem 0x00000000000f0000-0x00000000000fffff] reserved
[    0.000000] BIOS-e820: [mem 0x0000000000100000-0x000000003ffeffff] usable
[    0.000000] BIOS-e820: [mem 0x000000003fff0000-0x000000003fffffff] ACPI data
[    0.000000] BIOS-e820: [mem 0x00000000fec00000-0x00000000fec00fff] reserved
[    0.000000] BIOS-e820: [mem 0x00000000fee00000-0x00000000fee00fff] reserved
[    0.000000] BIOS-e820: [mem 0x00000000fffc0000-0x00000000ffffffff] reserved
[    0.000000] NX (Execute Disable) protection: active
[    0.000000] SMBIOS 2.5 present.
[    0.000000] DMI: innotek GmbH VirtualBox/VirtualBox, BIOS VirtualBox 12/01/2006
[    0.000000] Hypervisor detected: KVM
[    0.000000] e820: last_pfn = 0x3fff0 max_arch_pfn = 0x400000000
[    0.000000] MTRR: Disabled
[    0.000000] x86/PAT: MTRRs disabled, skipping PAT initialization too.
[    0.000000] CPU MTRRs all blank - virtualized system.
[    0.000000] x86/PAT: Configuration [0-7]: WB  WT  UC- UC  WB  WT  UC- UC  
[    0.000000] found SMP MP-table at [mem 0x0009fff0-0x0009ffff]
[    0.000000] Scanning 1 areas for low memory corruption
[    0.000000] RAMDISK: [mem 0x359cb000-0x36cdcfff]
[    0.000000] ACPI: Early table checksum verification disabled
[    0.000000] ACPI: RSDP 0x00000000000E0000 000024 (v02 VBOX  )
[    0.000000] ACPI: XSDT 0x000000003FFF0030 00003C (v01 VBOX   VBOXXSDT 00000001 ASL  00000061)
[    0.000000] ACPI: FACP 0x000000003FFF00F0 0000F4 (v04 VBOX   VBOXFACP 00000001 ASL  00000061)
[    0.000000] ACPI: DSDT 0x000000003FFF0610 002353 (v02 VBOX   VBOXBIOS 00000002 INTL 20230628)
[    0.000000] ACPI: FACS 0x000000003FFF0200 000040
[    0.000000] ACPI: FACS 0x000000003FFF0200 000040
[    0.000000] ACPI: APIC 0x000000003FFF0240 000054 (v02 VBOX   VBOXAPIC 00000001 ASL  00000061)
[    0.000000] ACPI: SSDT 0x000000003FFF02A0 00036C (v01 VBOX   VBOXCPUT 00000002 INTL 20230628)
[    0.000000] ACPI: Reserving FACP table memory at [mem 0x3fff00f0-0x3fff01e3]
[    0.000000] ACPI: Reserving DSDT table memory at [mem 0x3fff0610-0x3fff2962]
[    0.000000] ACPI: Reserving FACS table memory at [mem 0x3fff0200-0x3fff023f]
[    0.000000] ACPI: Reserving FACS table memory at [mem 0x3fff0200-0x3fff023f]
[    0.000000] ACPI: Reserving APIC table memory at [mem 0x3fff0240-0x3fff0293]
[    0.000000] ACPI: Reserving SSDT table memory at [mem 0x3fff02a0-0x3fff060b]
[    0.000000] No NUMA configuration found
[    0.000000] Faking a node at [mem 0x0000000000000000-0x000000003ffeffff]
[    0.000000] NODE_DATA(0) allocated [mem 0x3ffc5000-0x3ffeffff]
[    0.000000] kvm-clock: cpu 0, msr 0:3ff44001, primary cpu clock
[    0.000000] kvm-clock: Using msrs 4b564d01 and 4b564d00
[    0.000000] kvm-clock: using sched offset of 3100912043 cycles
[    0.000000] clocksource: kvm-clock: mask: 0xffffffffffffffff max_cycles: 0x1cd42e4dffb, max_idle_ns: 881590591483 ns
[    0.000000] Zone ranges:
[    0.000000]   DMA      [mem 0x0000000000001000-0x0000000000ffffff]
[    0.000000]   DMA32    [mem 0x0000000001000000-0x000000003ffeffff]
[    0.000000]   Normal   empty
[    0.000000]   Device   empty
[    0.000000] Movable zone start for each node
[    0.000000] Early memory node ranges
[    0.000000]   node   0: [mem 0x0000000000001000-0x000000000009efff]
[    0.000000]   node   0: [mem 0x0000000000100000-0x000000003ffeffff]
[    0.000000] Reserved but unavailable: 104 pages
[    0.000000] Initmem setup node 0 [mem 0x0000000000001000-0x000000003ffeffff]
[    0.000000] ACPI: PM-Timer IO Port: 0x4008
[    0.000000] IOAPIC[0]: apic_id 1, version 32, address 0xfec00000, GSI 0-23
[    0.000000] ACPI: INT_SRC_OVR (bus 0 bus_irq 0 global_irq 2 dfl dfl)
[    0.000000] ACPI: INT_SRC_OVR (bus 0 bus_irq 9 global_irq 9 low level)
[    0.000000] Using ACPI (MADT) for SMP configuration information
[    0.000000] smpboot: Allowing 1 CPUs, 0 hotplug CPUs
[    0.000000] PM: Registered nosave memory: [mem 0x00000000-0x00000fff]
[    0.000000] PM: Registered nosave memory: [mem 0x0009f000-0x0009ffff]
[    0.000000] PM: Registered nosave memory: [mem 0x000a0000-0x000effff]
[    0.000000] PM: Registered nosave memory: [mem 0x000f0000-0x000fffff]
[    0.000000] e820: [mem 0x40000000-0xfebfffff] available for PCI devices
[    0.000000] Booting paravirtualized kernel on KVM
[    0.000000] clocksource: refined-jiffies: mask: 0xffffffff max_cycles: 0xffffffff, max_idle_ns: 7645519600211568 ns
[    0.000000] setup_percpu: NR_CPUS:8192 nr_cpumask_bits:1 nr_cpu_ids:1 nr_node_ids:1
[    0.000000] percpu: Embedded 50 pages/cpu s167936 r8192 d28672 u2097152
[    0.000000] PV qspinlock hash table entries: 256 (order: 0, 4096 bytes)
[    0.000000] Built 1 zonelists, mobility grouping on.  Total pages: 257913
[    0.000000] Policy zone: DMA32
[    0.000000] Kernel command line: BOOT_IMAGE=/boot/vmlinuz-4.15.0-212-generic root=LABEL=cloudimg-rootfs ro console=tty1 console=ttyS0
[    0.000000] Memory: 982844K/1048120K available (12300K kernel code, 2477K rwdata, 4324K rodata, 2480K init, 2720K bss, 65276K reserved, 0K cma-reserved)
[    0.000000] SLUB: HWalign=64, Order=0-3, MinObjects=0, CPUs=1, Nodes=1
[    0.000000] Kernel/User page tables isolation: enabled
[    0.000000] ftrace: allocating 39508 entries in 155 pages
[    0.004000] Hierarchical RCU implementation.
[    0.004000] 	RCU restricting CPUs from NR_CPUS=8192 to nr_cpu_ids=1.
[    0.004000] 	Tasks RCU enabled.
[    0.004000] RCU: Adjusting geometry for rcu_fanout_leaf=16, nr_cpu_ids=1
[    0.004000] NR_IRQS: 524544, nr_irqs: 256, preallocated irqs: 16
[    0.004000] random: crng init done
[    0.004000] Console: colour VGA+ 80x25
[    0.004000] console [tty1] enabled
[    0.004000] console [ttyS0] enabled
[    0.004000] ACPI: Core revision 20170831
[    0.004000] ACPI: 2 ACPI AML tables successfully acquired and loaded
[    0.004000] APIC: Switch to symmetric I/O mode setup
[    0.004000] x2apic enabled
[    0.004000] Switched APIC routing to physical x2apic.
[    0.004000] ..TIMER: vector=0x30 apic1=0 pin1=2 apic2=-1 pin2=-1
[    0.004004] tsc: Detected 2294.684 MHz processor
[    0.004964] Calibrating delay loop (skipped) preset value.. 4589.36 BogoMIPS (lpj=9178736)
[    0.005733] pid_max: default: 32768 minimum: 301
[    0.008025] Security Framework initialized
[    0.008831] Yama: becoming mindful.
[    0.009537] AppArmor: AppArmor initialized
[    0.010753] Dentry cache hash table entries: 131072 (order: 8, 1048576 bytes)
[    0.012047] Inode-cache hash table entries: 65536 (order: 7, 524288 bytes)
[    0.013384] Mount-cache hash table entries: 2048 (order: 2, 16384 bytes)
[    0.014652] Mountpoint-cache hash table entries: 2048 (order: 2, 16384 bytes)
[    0.016229] process: using mwait in idle threads
[    0.017263] Last level iTLB entries: 4KB 1024, 2MB 1024, 4MB 1024
[    0.018484] Last level dTLB entries: 4KB 1024, 2MB 1024, 4MB 1024, 1GB 4
[    0.020003] Spectre V1 : Mitigation: usercopy/swapgs barriers and __user pointer sanitization
[    0.021845] Spectre V2 : Mitigation: Retpolines
[    0.022769] Spectre V2 : Spectre v2 / SpectreRSB mitigation: Filling RSB on context switch
[    0.024001] Spectre V2 : Spectre v2 / SpectreRSB : Filling RSB on VMEXIT
[    0.025409] Speculative Store Bypass: Vulnerable
[    0.026353] MDS: Mitigation: Clear CPU buffers
[    0.028002] MMIO Stale Data: Mitigation: Clear CPU buffers
[    0.037158] Freeing SMP alternatives memory: 36K
[    0.148338] smpboot: CPU0: Intel(R) Xeon(R) CPU E5-2650 v3 @ 2.30GHz (family: 0x6, model: 0x3f, stepping: 0x2)
[    0.150324] Performance Events: unsupported p6 CPU model 63 no PMU driver, software events only.
[    0.152000] Hierarchical SRCU implementation.
[    0.152712] NMI watchdog: Perf event create on CPU 0 failed with -2
[    0.154141] NMI watchdog: Perf NMI watchdog permanently disabled
[    0.156031] smp: Bringing up secondary CPUs ...
[    0.157007] smp: Brought up 1 node, 1 CPU
[    0.157882] smpboot: Max logical packages: 1
[    0.158776] smpboot: Total of 1 processors activated (4589.36 BogoMIPS)
[    0.160013] devtmpfs: initialized
[    0.160795] x86/mm: Memory block size: 128MB
[    0.161853] evm: security.selinux
[    0.162599] evm: security.SMACK64
[    0.163369] evm: security.SMACK64EXEC
[    0.164004] evm: security.SMACK64TRANSMUTE
[    0.164870] evm: security.SMACK64MMAP
[    0.165656] evm: security.apparmor
[    0.166414] evm: security.ima
[    0.167064] evm: security.capability
[    0.168086] clocksource: jiffies: mask: 0xffffffff max_cycles: 0xffffffff, max_idle_ns: 7645041785100000 ns
[    0.170077] futex hash table entries: 256 (order: 2, 16384 bytes)
[    0.171305] pinctrl core: initialized pinctrl subsystem
[    0.172088] RTC time: 13:11:54, date: 05/24/25
[    0.173131] NET: Registered protocol family 16
[    0.174202] audit: initializing netlink subsys (disabled)
[    0.176109] cpuidle: using governor ladder
[    0.177045] cpuidle: using governor menu
[    0.177919] ACPI: bus type PCI registered
[    0.178831] acpiphp: ACPI Hot Plug PCI Controller Driver version: 0.5
[    0.180005] audit: type=2000 audit(1748092318.618:1): state=initialized audit_enabled=0 res=1
[    0.181850] PCI: Using configuration type 1 for base access
[    0.184281] HugeTLB registered 2.00 MiB page size, pre-allocated 0 pages
[    0.186153] ACPI: Added _OSI(Module Device)
[    0.187076] ACPI: Added _OSI(Processor Device)
[    0.187981] ACPI: Added _OSI(3.0 _SCP Extensions)
[    0.188004] ACPI: Added _OSI(Processor Aggregator Device)
[    0.189137] ACPI: Added _OSI(Linux-Dell-Video)
[    0.190098] ACPI: Added _OSI(Linux-Lenovo-NV-HDMI-Audio)
[    0.191199] ACPI: Added _OSI(Linux-HPI-Hybrid-Graphics)
[    0.192235] ACPI: Executed 1 blocks of module-level executable AML code
[    0.197359] ACPI: Interpreter enabled
[    0.198250] ACPI: (supports S0 S5)
[    0.199018] ACPI: Using IOAPIC for interrupt routing
[    0.200210] PCI: Using host bridge windows from ACPI; if necessary, use "pci=nocrs" and report a bug
[    0.202351] ACPI: Enabled 2 GPEs in block 00 to 07
[    0.209529] ACPI: PCI Root Bridge [PCI0] (domain 0000 [bus 00-ff])
[    0.210833] acpi PNP0A03:00: _OSC: OS supports [ASPM ClockPM Segments MSI]
[    0.212432] acpi PNP0A03:00: _OSC: not requesting OS control; OS requires [ExtendedConfig ASPM ClockPM MSI]
[    0.214525] acpi PNP0A03:00: fail to add MMCONFIG information, can't access extended PCI configuration space under this bridge.
[    0.216327] PCI host bridge to bus 0000:00
[    0.217249] pci_bus 0000:00: root bus resource [io  0x0000-0x0cf7 window]
[    0.218688] pci_bus 0000:00: root bus resource [io  0x0d00-0xffff window]
[    0.220003] pci_bus 0000:00: root bus resource [mem 0x000a0000-0x000bffff window]
[    0.222287] pci_bus 0000:00: root bus resource [mem 0x40000000-0xfdffffff window]
[    0.224003] pci_bus 0000:00: root bus resource [bus 00-ff]
[    0.226587] pci 0000:00:01.1: legacy IDE quirk: reg 0x10: [io  0x01f0-0x01f7]
[    0.228003] pci 0000:00:01.1: legacy IDE quirk: reg 0x14: [io  0x03f6]
[    0.229395] pci 0000:00:01.1: legacy IDE quirk: reg 0x18: [io  0x0170-0x0177]
[    0.230912] pci 0000:00:01.1: legacy IDE quirk: reg 0x1c: [io  0x0376]
[    0.243183] pci 0000:00:07.0: quirk: [io  0x4000-0x403f] claimed by PIIX4 ACPI
[    0.244014] pci 0000:00:07.0: quirk: [io  0x4100-0x410f] claimed by PIIX4 SMB
[    0.252732] ACPI: PCI Interrupt Link [LNKA] (IRQs 5 9 10 *11)
[    0.254305] ACPI: PCI Interrupt Link [LNKB] (IRQs 5 9 *10 11)
[    0.255688] ACPI: PCI Interrupt Link [LNKC] (IRQs 5 *9 10 11)
[    0.256110] ACPI: PCI Interrupt Link [LNKD] (IRQs 5 9 10 *11)
[    0.257685] SCSI subsystem initialized
[    0.258648] pci 0000:00:02.0: vgaarb: setting as boot VGA device
[    0.260000] pci 0000:00:02.0: vgaarb: VGA device added: decodes=io+mem,owns=io+mem,locks=none
[    0.260004] pci 0000:00:02.0: vgaarb: bridge control possible
[    0.264002] vgaarb: loaded
[    0.264699] ACPI: bus type USB registered
[    0.265677] usbcore: registered new interface driver usbfs
[    0.266883] usbcore: registered new interface driver hub
[    0.268012] usbcore: registered new device driver usb
[    0.269260] EDAC MC: Ver: 3.0.0
[    0.270217] PCI: Using ACPI for IRQ routing
[    0.271419] NetLabel: Initializing
[    0.272003] NetLabel:  domain hash size = 128
[    0.273013] NetLabel:  protocols = UNLABELED CIPSOv4 CALIPSO
[    0.274247] NetLabel:  unlabeled traffic allowed by default
[    0.275547] clocksource: Switched to clocksource kvm-clock
[    0.280028] VFS: Disk quotas dquot_6.6.0
[    0.283125] VFS: Dquot-cache hash table entries: 512 (order 0, 4096 bytes)
[    0.284747] AppArmor: AppArmor Filesystem Enabled
[    0.285828] pnp: PnP ACPI init
[    0.287493] pnp: PnP ACPI: found 3 devices
[    0.293841] clocksource: acpi_pm: mask: 0xffffff max_cycles: 0xffffff, max_idle_ns: 2085701024 ns
[    0.295765] NET: Registered protocol family 2
[    0.296820] IP idents hash table entries: 16384 (order: 5, 131072 bytes)
[    0.298468] TCP established hash table entries: 8192 (order: 4, 65536 bytes)
[    0.299994] TCP bind hash table entries: 8192 (order: 5, 131072 bytes)
[    0.301459] TCP: Hash tables configured (established 8192 bind 8192)
[    0.303068] UDP hash table entries: 512 (order: 2, 16384 bytes)
[    0.304392] UDP-Lite hash table entries: 512 (order: 2, 16384 bytes)
[    0.305780] NET: Registered protocol family 1
[    0.306745] pci 0000:00:00.0: Limiting direct PCI/PCI transfers
[    0.308016] pci 0000:00:01.0: Activating ISA DMA hang workarounds
[    0.309400] pci 0000:00:02.0: Video device with shadowed ROM at [mem 0x000c0000-0x000dffff]
[    0.311386] Unpacking initramfs...
[    0.569500] Freeing initrd memory: 19528K
[    0.571170] clocksource: tsc: mask: 0xffffffffffffffff max_cycles: 0x21139776891, max_idle_ns: 440795250948 ns
[    0.573371] platform rtc_cmos: registered platform RTC device (no PNP device found)
[    0.575090] Scanning for low memory corruption every 60 seconds
[    0.576827] Initialise system trusted keyrings
[    0.577840] Key type blacklist registered
[    0.578791] workingset: timestamp_bits=36 max_order=18 bucket_order=0
[    0.581040] zbud: loaded
[    0.582022] squashfs: version 4.0 (2009/01/31) Phillip Lougher
[    0.583414] fuse init (API version 7.26)
[    0.584939] Key type asymmetric registered
[    0.585882] Asymmetric key parser 'x509' registered
[    0.586978] Block layer SCSI generic (bsg) driver version 0.4 loaded (major 246)
[    0.588627] io scheduler noop registered
[    0.589521] io scheduler deadline registered
[    0.590587] io scheduler cfq registered (default)
[    0.591874] ACPI: AC Adapter [AC] (on-line)
[    0.592914] input: Power Button as /devices/LNXSYSTM:00/LNXPWRBN:00/input/input0
[    0.594566] ACPI: Power Button [PWRF]
[    0.595515] input: Sleep Button as /devices/LNXSYSTM:00/LNXSLPBN:00/input/input1
[    0.597183] ACPI: Sleep Button [SLPF]
[    0.598197] Serial: 8250/16550 driver, 32 ports, IRQ sharing enabled
[    0.621430] 00:02: ttyS0 at I/O 0x3f8 (irq = 4, base_baud = 115200) is a 16550A
[    0.624126] Linux agpgart interface v0.103
[    0.625877] loop: module loaded
[    0.627027] scsi host0: ata_piix
[    0.627875] scsi host1: ata_piix
[    0.628678] ata1: PATA max UDMA/33 cmd 0x1f0 ctl 0x3f6 bmdma 0xd000 irq 14
[    0.630196] ata2: PATA max UDMA/33 cmd 0x170 ctl 0x376 bmdma 0xd008 irq 15
[    0.631904] tun: Universal TUN/TAP device driver, 1.6
[    0.633255] PPP generic driver version 2.4.2
[    0.634268] ehci_hcd: USB 2.0 'Enhanced' Host Controller (EHCI) Driver
[    0.635599] ehci-pci: EHCI PCI platform driver
[    0.636632] ehci-platform: EHCI generic platform driver
[    0.637838] ohci_hcd: USB 1.1 'Open' Host Controller (OHCI) Driver
[    0.639197] ohci-pci: OHCI PCI platform driver
[    0.640221] ohci-platform: OHCI generic platform driver
[    0.641410] uhci_hcd: USB Universal Host Controller Interface driver
[    0.642789] i8042: PNP: PS/2 Controller [PNP0303:PS2K,PNP0f03:PS2M] at 0x60,0x64 irq 1,12
[    0.644972] serio: i8042 KBD port at 0x60,0x64 irq 1
[    0.646122] serio: i8042 AUX port at 0x60,0x64 irq 12
[    0.647404] mousedev: PS/2 mouse device common for all mice
[    0.648825] input: AT Translated Set 2 keyboard as /devices/platform/i8042/serio0/input/input2
[    0.651032] rtc_cmos rtc_cmos: rtc core: registered rtc_cmos as rtc0
[    0.652557] rtc_cmos rtc_cmos: alarms up to one day, 114 bytes nvram
[    0.653959] i2c /dev entries driver
[    0.654790] device-mapper: uevent: version 1.0.3
[    0.655906] device-mapper: ioctl: 4.37.0-ioctl (2017-09-20) initialised: dm-devel@redhat.com
[    0.657806] ledtrig-cpu: registered to indicate activity on CPUs
[    0.659383] NET: Registered protocol family 10
[    0.662877] Segment Routing with IPv6
[    0.663765] NET: Registered protocol family 17
[    0.664766] Key type dns_resolver registered
[    0.665790] mce: Using 0 MCE banks
[    0.666576] RAS: Correctable Errors collector initialized.
[    0.667822] sched_clock: Marking stable (664727136, 0)->(826716113, -161988977)
[    0.669524] registered taskstats version 1
[    0.670454] Loading compiled-in X.509 certificates
[    0.673467] Loaded X.509 cert 'Build time autogenerated kernel key: b5b26778eaa3ab3a4a6cee031137706e947d12ad'
[    0.676219] Loaded X.509 cert 'Canonical Ltd. Live Patch Signing: 14df34d1a87cf37625abec039ef2bf521249b969'
[    0.678899] Loaded X.509 cert 'Canonical Ltd. Kernel Module Signing: 88f752e560a1e0737e31163a466ad7b70a850c19'
[    0.681067] blacklist: Loading compiled-in revocation X.509 certificates
[    0.682607] Loaded X.509 cert 'Canonical Ltd. Secure Boot Signing: 61482aa2830d0ab2ad5af10b7250da9033ddcef0'
[    0.684739] Loaded X.509 cert 'Canonical Ltd. Secure Boot Signing (2017): 242ade75ac4a15e50d50c84b0d45ff3eae707a03'
[    0.686974] Loaded X.509 cert 'Canonical Ltd. Secure Boot Signing (ESM 2018): 365188c1d374d6b07c3c8f240f8ef722433d6a8b'
[    0.689329] Loaded X.509 cert 'Canonical Ltd. Secure Boot Signing (2019): c0746fd6c5da3ae827864651ad66ae47fe24b3e8'
[    0.691522] Loaded X.509 cert 'Canonical Ltd. Secure Boot Signing (2021 v1): a8d54bbb3825cfb94fa13c9f8a594a195c107b8d'
[    0.693798] Loaded X.509 cert 'Canonical Ltd. Secure Boot Signing (2021 v2): 4cf046892d6fd3c9a5b03f98d845f90851dc6a8c'
[    0.695923] Loaded X.509 cert 'Canonical Ltd. Secure Boot Signing (2021 v3): 100437bb6de6e469b581e61cd66bce3ef4ed53af'
[    0.698181] Loaded X.509 cert 'Canonical Ltd. Secure Boot Signing (Ubuntu Core 2019): c1d57b8f6b743f23ee41f4f7ee292f06eecadfb9'
[    0.700647] zswap: loaded using pool lzo/zbud
[    0.703878] Key type big_key registered
[    0.704826] Key type trusted registered
[    0.706795] Key type encrypted registered
[    0.707703] AppArmor: AppArmor sha1 policy hashing enabled
[    0.708861] ima: No TPM chip found, activating TPM-bypass! (rc=-19)
[    0.710174] ima: Allocated hash algorithm: sha1
[    0.711198] evm: HMAC attrs: 0x1
[    0.712173]   Magic number: 9:791:180
[    0.713062] rtc_cmos rtc_cmos: setting system clock to 2025-05-24 13:11:54 UTC (1748092314)
[    0.714926] BIOS EDD facility v0.16 2004-Jun-25, 0 devices found
[    0.716230] EDD information not available.
[    0.812268] Freeing unused kernel image memory: 2480K
[    0.820072] Write protecting the kernel read-only data: 20480k
[    0.821996] Freeing unused kernel image memory: 2008K
[    0.823542] Freeing unused kernel image memory: 1820K
[    0.833135] x86/mm: Checked W+X mappings: passed, no W+X pages found.
[    0.834722] x86/mm: Checking user space page tables
[    0.843573] x86/mm: Checked W+X mappings: passed, no W+X pages found.
Loading, please wait...
starting version 237
[    0.939462] e1000: Intel(R) PRO/1000 Network Driver - version 7.3.21-k8-NAPI
[    0.940881] e1000: Copyright (c) 1999-2006 Intel Corporation.
[    0.946088] Fusion MPT base driver 3.04.20
[    0.947064] Copyright (c) 1999-2008 LSI Corporation
[    0.964873] Fusion MPT SPI Host driver 3.04.20
[    0.986905] AVX2 version of gcm_enc/dec engaged.
[    0.988028] AES CTR mode by8 optimization enabled
[    1.153240] input: ImExPS/2 Generic Explorer Mouse as /devices/platform/i8042/serio1/input/input4
[    1.335530] e1000 0000:00:03.0 eth0: (PCI:33MHz:32-bit) 02:3b:7b:b7:3b:2d
[    1.337215] e1000 0000:00:03.0 eth0: Intel(R) PRO/1000 Network Connection
[    1.340221] mptbase: ioc0: Initiating bringup
[    1.448563] ioc0: LSI53C1030 A0: Capabilities={Initiator}
[    1.689744] scsi host2: ioc0: LSI53C1030 A0, FwRev=00000000h, Ports=1, MaxQ=256, IRQ=20
[    1.860565] scsi 2:0:0:0: Direct-Access     VBOX     HARDDISK         1.0  PQ: 0 ANSI: 5
[    1.863313] scsi target2:0:0: Beginning Domain Validation
[    1.870937] scsi target2:0:0: Domain Validation skipping write tests
[    1.873099] scsi target2:0:0: Ending Domain Validation
[    1.874915] scsi target2:0:0: asynchronous
[    1.877054] scsi 2:0:1:0: Direct-Access     VBOX     HARDDISK         1.0  PQ: 0 ANSI: 5
[    1.879788] scsi target2:0:1: Beginning Domain Validation
[    1.883117] scsi target2:0:1: Domain Validation skipping write tests
[    1.885297] scsi target2:0:1: Ending Domain Validation
[    1.887118] scsi target2:0:1: asynchronous
[    1.896002] sd 2:0:0:0: [sda] 83886080 512-byte logical blocks: (42.9 GB/40.0 GiB)
[    1.898783] sd 2:0:0:0: [sda] Write Protect is off
[    1.900782] sd 2:0:0:0: Attached scsi generic sg0 type 0
[    1.902842] sd 2:0:0:0: [sda] Incomplete mode parameter data
[    1.904814] sd 2:0:0:0: [sda] Assuming drive cache: write through
[    1.913131] sd 2:0:1:0: [sdb] 20480 512-byte logical blocks: (10.5 MB/10.0 MiB)
[    1.916201] sd 2:0:1:0: Attached scsi generic sg1 type 0
[    1.918133] sd 2:0:1:0: [sdb] Write Protect is off
[    1.919974] sd 2:0:1:0: [sdb] Incomplete mode parameter data
[    1.921837] sd 2:0:1:0: [sdb] Assuming drive cache: write through
[    1.930864]  sda: sda1
[    1.933021] sd 2:0:1:0: [sdb] Attached SCSI disk
[    1.939541] sd 2:0:0:0: [sda] Attached SCSI disk
[    2.288576] e1000 0000:00:08.0 eth1: (PCI:33MHz:32-bit) 08:00:27:21:22:d9
[    2.290216] e1000 0000:00:08.0 eth1: Intel(R) PRO/1000 Network Connection
[    2.293256] e1000 0000:00:08.0 enp0s8: renamed from eth1
[    2.296860] e1000 0000:00:03.0 enp0s3: renamed from eth0
Begin: Loading essential drivers ... [    3.818947] raid6: sse2x1   gen()  8362 MB/s
[    3.882913] raid6: sse2x1   xor()  5882 MB/s
[    3.942278] raid6: sse2x2   gen() 10090 MB/s
[    4.005973] raid6: sse2x2   xor()  8357 MB/s
[    4.069779] raid6: sse2x4   gen() 15327 MB/s
[    4.132681] raid6: sse2x4   xor()  9543 MB/s
[    4.196689] raid6: avx2x1   gen() 21229 MB/s
[    4.258738] raid6: avx2x1   xor() 13364 MB/s
[    4.324662] raid6: avx2x2   gen() 25369 MB/s
[    4.396954] raid6: avx2x2   xor() 17746 MB/s
[    4.460669] raid6: avx2x4   gen() 27842 MB/s
[    4.524247] raid6: avx2x4   xor() 16875 MB/s
[    4.525207] raid6: using algorithm avx2x4 gen() 27842 MB/s
[    4.526351] raid6: .... xor() 16875 MB/s, rmw enabled
[    4.527433] raid6: using avx2x2 recovery algorithm
[    4.530071] xor: automatically using best checksumming function   avx       
[    4.532936] async_tx: api initialized (async)
done.
Begin: Running /scripts/init-premount ... done.
Begin: Mounting root file system ... Begin: Running /scripts/local-top ... done.
Begin: Running /scripts/local-premount ... [    4.583408] Btrfs loaded, crc32c=crc32c-intel
Scanning for Btrfs filesystems
done.
Warning: fsck not present, so skipping root file system
[    4.611222] EXT4-fs (sda1): mounted filesystem with ordered data mode. Opts: (null)
done.
Begin: Running /scripts/local-bottom ... done.
Begin: Running /scripts/init-bottom ... done.
[    4.778950] ip_tables: (C) 2000-2006 Netfilter Core Team
[    4.793127] systemd[1]: systemd 237 running in system mode. (+PAM +AUDIT +SELINUX +IMA +APPARMOR +SMACK +SYSVINIT +UTMP +LIBCRYPTSETUP +GCRYPT +GNUTLS +ACL +XZ +LZ4 +SECCOMP +BLKID +ELFUTILS +KMOD -IDN2 +IDN -PCRE2 default-hierarchy=hybrid)
[    4.799928] systemd[1]: Detected virtualization oracle.
[    4.801588] systemd[1]: Detected architecture x86-64.

Welcome to [1mUbuntu 18.04.6 LTS[0m!

[    4.807367] systemd[1]: Set hostname to <ubuntu>.
[    4.810891] systemd[1]: Initializing machine ID from random generator.
[    4.812786] systemd[1]: Installed transient /etc/machine-id file.
[    5.109584] systemd[1]: Created slice System Slice.
[[0;32m  OK  [0m] Created slice System Slice.
[    5.112656] systemd[1]: Listening on LVM2 metadata daemon socket.
[[0;32m  OK  [0m] Listening on LVM2 metadata daemon socket.
[    5.115943] systemd[1]: Listening on Device-mapper event daemon FIFOs.
[[0;32m  OK  [0m] Listening on Device-mapper event daemon FIFOs.
[    5.120035] systemd[1]: Created slice system-serial\x2dgetty.slice.
[[0;32m  OK  [0m] Created slice system-serial\x2dgetty.slice.
[[0;32m  OK  [0m] Listening on LVM2 poll daemon socket.
[[0;32m  OK  [0m] Listening on Syslog Socket.
[[0;32m  OK  [0m] Listening on fsck to fsckd communication Socket.
[[0;32m  OK  [0m] Listening on Journal Socket (/dev/log).
[[0;32m  OK  [0m] Listening on Network Service Netlink Socket.
[[0;32m  OK  [0m] Listening on Journal Socket.
         Mounting POSIX Message Queue File System...
         Mounting Kernel Debug File System...
         Starting Set the console keyboard layout...
[[0;32m  OK  [0m] Listening on /dev/initctl Compatibility Named Pipe.
         Starting Load Kernel Modules...
[[0;32m  OK  [0m] Listening on Journal Audit Socket.
         Starting Journal Service...
         Starting Monitoring of LVM2 mirrorsâ€¦ng dmeventd or progress polling...
[[0;32m  OK  [0m] Reached target Swap.
         Starting Create list of required stâ€¦ce nodes for the current kernel...
[    5.177744] Loading iSCSI transport class v2.0-870.
         Starting File System Check on Root Device...
[[0;32m  OK  [0m] Reached target Mounting snaps.
[[0;32m  OK  [0m] Reached target Mounted snaps.
         Starting Uncomplicated firewall...
[[0;32m  OK  [0m] Started Forward Password Requests to Wall Directory Watch.
[[0;32m  OK  [0m] Created slice User and Session Slice.
[[0;32m  OK  [0m] Reached target Slices.
[[0;32m  OK  [0m] Reached target System Time Synchronized.
[[0;32m  OK  [0m] Listening on udev Control Socket.
[[0;32m  OK  [0m] Set up automount Arbitrary Executabâ€¦rmats File System Automount Point.
[    5.230366] iscsi: registered transport (tcp)
[    5.247732] iscsi: registered transport (iser)
         Mounting Huge Pages File System...
[[0;32m  OK  [0m] Reached target User and Group Name Lookups.
[[0;32m  OK  [0m] Listening on udev Kernel Socket.
         Starting udev Coldplug all Devices...
[[0;32m  OK  [0m] Started Journal Service.
[[0;32m  OK  [0m] Mounted POSIX Message Queue File System.
[[0;32m  OK  [0m] Mounted Kernel Debug File System.
[[0;32m  OK  [0m] Started Load Kernel Modules.
[[0;32m  OK  [0m] Started Create list of required staâ€¦vice nodes for the current kernel.
[[0;32m  OK  [0m] Started Uncomplicated firewall.
[[0;32m  OK  [0m] Mounted Huge Pages File System.
[[0;32m  OK  [0m] Started File System Check Daemon to report status.
         Starting Create Static Device Nodes in /dev...
         Mounting Kernel Configuration File System...
         Starting Apply Kernel Variables...
         Mounting FUSE Control File System...
[[0;32m  OK  [0m] Mounted FUSE Control File System.
[[0;32m  OK  [0m] Mounted Kernel Configuration File System.
[[0;32m  OK  [0m] Started File System Check on Root Device.
         Starting Remount Root and Kernel File Systems...
[[0;32m  OK  [0m] Started LVM2 metadata daemon.
[[0;32m  OK  [0m] Started udev Coldplug all Devices.
[[0;32m  OK  [0m] Started Create Static Device Nodes in /dev.
[[0;32m  OK  [0m] Started Apply Kernel Variables.
[[0;32m  OK  [0m] Started Remount Root and Kernel File Systems.
         Starting Flush Journal to Persistent Storage...
         Starting Load/Save Random Seed...
         Starting udev Kernel Device Manager...
[[0;32m  OK  [0m] Started Monitoring of LVM2 mirrors,â€¦sing dmeventd or progress polling.
[[0;32m  OK  [0m] Started Load/Save Random Seed.
[[0;32m  OK  [0m] Started udev Kernel Device Manager.
[[0;32m  OK  [0m] Started Flush Journal to Persistent Storage.
[[0;32m  OK  [0m] Found device /dev/ttyS0.
[[0;32m  OK  [0m] Listening on Load/Save RF Kill Switch Status /dev/rfkill Watch.
         Mounting Arbitrary Executable File Formats File System...
[[0;32m  OK  [0m] Mounted Arbitrary Executable File Formats File System.
[[0;32m  OK  [0m] Started Set the console keyboard layout.
[[0;32m  OK  [0m] Reached target Local File Systems (Pre).
[[0;32m  OK  [0m] Reached target Local File Systems.
         Starting Tell Plymouth To Write Out Runtime Data...
         Starting ebtables ruleset management...
         Starting Set console font and keymap...
         Starting Commit a transient machine-id on disk...
         Starting AppArmor initialization...
         Starting Create Volatile Files and Directories...
[[0;32m  OK  [0m] Started Dispatch Password Requests to Console Directory Watch.
[[0;32m  OK  [0m] Reached target Local Encrypted Volumes.
[[0;32m  OK  [0m] Started Tell Plymouth To Write Out Runtime Data.
[[0;32m  OK  [0m] Started Create Volatile Files and Directories.
         Starting Update UTMP about System Boot/Shutdown...
[[0;32m  OK  [0m] Started Commit a transient machine-id on disk.
[[0;32m  OK  [0m] Started ebtables ruleset management.
[[0;32m  OK  [0m] Started Update UTMP about System Boot/Shutdown.
[[0;32m  OK  [0m] Started AppArmor initialization.
         Starting Load AppArmor profiles managed internally by snapd...
         Starting Initial cloud-init job (pre-networking)...
[[0;32m  OK  [0m] Started Load AppArmor profiles managed internally by snapd.
[[0;32m  OK  [0m] Started Set console font and keymap.
[    9.812868] cloud-init[778]: Cloud-init v. 23.1.2-0ubuntu0~18.04.1 running 'init-local' at Sat, 24 May 2025 13:12:03 +0000. Up 9.54 seconds.
[[0;32m  OK  [0m] Started Initial cloud-init job (pre-networking).
[[0;32m  OK  [0m] Reached target Network (Pre).
         Starting Network Service...
[[0;32m  OK  [0m] Started Network Service.
         Starting Wait for Network to be Configured...
         Starting Network Name Resolution...
[[0;32m  OK  [0m] Started Network Name Resolution.
[[0;32m  OK  [0m] Reached target Network.
[[0;32m  OK  [0m] Reached target Host and Network Name Lookups.
[[0;32m  OK  [0m] Started Wait for Network to be Configured.
         Starting Initial cloud-init job (metadata service crawler)...
[   12.018113] cloud-init[909]: Cloud-init v. 23.1.2-0ubuntu0~18.04.1 running 'init' at Sat, 24 May 2025 13:12:05 +0000. Up 11.88 seconds.
[   12.020160] cloud-init[909]: ci-info: ++++++++++++++++++++++++++++++++++++++Net device info+++++++++++++++++++++++++++++++++++++++
[   12.021208] cloud-init[909]: ci-info: +--------+-------+----------------------------+---------------+--------+-------------------+
[   12.023743] cloud-init[909]: ci-info: | Device |   Up  |          Address           |      Mask     | Scope  |     Hw-Address    |
[   12.024850] cloud-init[909]: ci-info: +--------+-------+----------------------------+---------------+--------+-------------------+
[   12.026625] cloud-init[909]: ci-info: | enp0s3 |  True |         10.0.2.15          | 255.255.255.0 | global | 02:3b:7b:b7:3b:2d |
[   12.029741] cloud-init[909]: ci-info: | enp0s3 |  True | fe80::3b:7bff:feb7:3b2d/64 |       .       |  link  | 02:3b:7b:b7:3b:2d |
[   12.030665] cloud-init[909]: ci-info: | enp0s8 | False |             .              |       .       |   .    | 08:00:27:21:22:d9 |
[   12.033757] cloud-init[909]: ci-info: |   lo   |  True |         127.0.0.1          |   255.0.0.0   |  host  |         .         |
[   12.034785] cloud-init[909]: ci-info: |   lo   |  True |          ::1/128           |       .       |  host  |         .         |
[   12.037622] cloud-init[909]: ci-info: +--------+-------+----------------------------+---------------+--------+-------------------+
[   12.038531] cloud-init[909]: ci-info: ++++++++++++++++++++++++++++Route IPv4 info+++++++++++++++++++++++++++++
[   12.040136] cloud-init[909]: ci-info: +-------+-------------+----------+-----------------+-----------+-------+
[   12.042572] cloud-init[909]: ci-info: | Route | Destination | Gateway  |     Genmask     | Interface | Flags |
[   12.044124] cloud-init[909]: ci-info: +-------+-------------+----------+-----------------+-----------+-------+
[   12.046990] cloud-init[909]: ci-info: |   0   |   0.0.0.0   | 10.0.2.2 |     0.0.0.0     |   enp0s3  |   UG  |
[   12.047847] cloud-init[909]: ci-info: |   1   |   10.0.2.0  | 0.0.0.0  |  255.255.255.0  |   enp0s3  |   U   |
[   12.048728] cloud-init[909]: ci-info: |   2   |   10.0.2.2  | 0.0.0.0  | 255.255.255.255 |   enp0s3  |   UH  |
[   12.051387] cloud-init[909]: ci-info: +-------+-------------+----------+-----------------+-----------+-------+
[   12.052265] cloud-init[909]: ci-info: +++++++++++++++++++Route IPv6 info+++++++++++++++++++
[   12.055899] cloud-init[909]: ci-info: +-------+-------------+---------+-----------+-------+
[   12.056708] cloud-init[909]: ci-info: | Route | Destination | Gateway | Interface | Flags |
[   12.057381] cloud-init[909]: ci-info: +-------+-------------+---------+-----------+-------+
[   12.058006] cloud-init[909]: ci-info: |   1   |  fe80::/64  |    ::   |   enp0s3  |   U   |
[   12.060120] cloud-init[909]: ci-info: |   3   |    local    |    ::   |   enp0s3  |   U   |
[   12.060790] cloud-init[909]: ci-info: |   4   |   ff00::/8  |    ::   |   enp0s3  |   U   |
[   12.063611] cloud-init[909]: ci-info: +-------+-------------+---------+-----------+-------+
[   12.825681] cloud-init[909]: Generating public/private rsa key pair.
[   12.826535] cloud-init[909]: Your identification has been saved in /etc/ssh/ssh_host_rsa_key.
[   12.827234] cloud-init[909]: Your public key has been saved in /etc/ssh/ssh_host_rsa_key.pub.
[   12.844141] cloud-init[909]: The key fingerprint is:
[   12.845002] cloud-init[909]: SHA256:WaE7XxKae2lufgxJewIb89A9t6hbraBtRb/393zxH2U root@ubuntu-bionic
[   12.846255] cloud-init[909]: The key's randomart image is:
[   12.848211] cloud-init[909]: +---[RSA 2048]----+
[   12.848985] cloud-init[909]: |          .      |
[   12.867168] cloud-init[909]: |         . .     |
[   12.867728] cloud-init[909]: |        ..o.     |
[[0;32m  OK  [0m] Started Initial cloud-init job (metadata service crawler).
[[0;32m  OK  [0m] Reached target System Initialization.
[   12.883118] cloud-init[[0;32m  OK  [0m] Listening on UUID daemon activation socket.
[[0;32m  OK  [0m] Started Message of the Day.
[[0;32m  OK  [0m] Started Daily apt download activities.
[[0;32m  OK  [0m] Listening on ACPID Listen Socket.
[909]: |        =*o.+ .  |
[   12.887057] cloud-init[909]: |        SO.+.= .E|
[   12.887600] cloud-init[909]: |        .+*++.oo.|
[[0;32m  OK  [0m] Started ACPI Events Check.
[[0;32m  OK  [0m] Reached target Paths.
[[0;32m  OK  [0m] Started Daily apt upgrade and clean activities.
[[0;32m  OK  [0m] Started Ubuntu Advantage Timer for running repeated jobs.
[[0;32m  OK  [0m] Started Discard unused blocks once a week.
[[0;32m  OK  [0m] Started Daily Cleanup of Temporary Directories.
[[0;32m  OK  [0m] Reached target Timers.
[[0;32m  OK  [0m] Listening on D-Bus System Message Bus Socket.
[[0;32m  OK  [0m] Listening on cloud-init hotplug hook socket.
         Starting Socket activation for snappy daemon.
[[0;32m  OK  [0m] Listening on Open-iSCSI iscsid Socket.
[   12.891725] cloud-init         Starting LXD - unix socket.
[[0;32m  OK  [0m] Reached target Cloud-config availability.
[[0;32m  OK  [0m] Reached target Network is Online.
[909]: |        . *B. .oo|
[   12.921442] cloud-init[909]: |         *+oo...*|
         Starting Availability of block devices...
[   12.923619] cloud-init[909]: |        .+=o.  .@|[[0;32m  OK  [0m] Reached target Remote File Systems (Pre).
[[0;32m  OK  [0m] Reached target Remote File Systems.
[[0;32m  OK  [0m] Listening on Socket activation for snappy daemon.
[[0;32m  OK  [0m] Listening on LXD - unix socket.
[[0;32m  OK  [0m] Reached target Sockets.

[   12.928221] cloud-init[909]: +----[SHA256]-----+
[   12.928937] cloud-init[909]: Generating public/private dsa key pair.
[[0;32m  OK  [0m[   12.932544] cloud-init[909]: Your identification has been saved in /etc/ssh/ssh_host_dsa_key.] Reached target Basic System.
         Starting LSB: automatic crash report generation...

         Starting Permit User Sessions...
[   12.941073] cloud-init[909]: Your public key has been saved in /etc/ssh/ssh_host_dsa_key.pub.
[[0;32m  OK  [0m] Started irqbalance daemon.
         Starting Dispatcher daemon for systemd-networkd...
[[0;32m  OK  [0m] Started FUSE filesystem for LXC.
[   12.947887] cloud-init[909]: The key fingerprint is:
[   12.968234] cloud-init[909]: SHA256:/A+qv9M9OpoEcriGGAi8/Hxx92BZjS05U3X34xAYABE root@ubuntu-bionic
[   12.970853] cloud-init[909]: The key's randomart image is:
[   12.971417] cloud-init[909]: +---[DSA 1024]----+
[   12.971947] cloud-init[909]: |       E+...oo..o|
[   12.972886] cloud-init[909]: |.          .* . +|
[   12.975048] cloud-init[909]: |..         B + ..|
[   12.977598] cloud-init[909]: |+ .  . .  o + o .|
[   12.978705] cloud-init[909]: |oo  o.o.S=     . |
[   12.981434] cloud-init[[0;32m  OK  [0m] Started Regular background program processing daemon.
         Starting LXD - container startup/shutdown...
[909]: | oo. +o.o.o      |
         Starting LSB: Record successful boot for GRUB...
[[0;32m  OK  [0m] Reached target Login Prompts (Pre).
         Starting Login Service...
[[0;32m  OK  [0m] Started Deferred execution scheduler.
         Starting Accounts Service...
[[0;32m  OK  [0m] Started D-Bus System Message Bus.
[   13.001372] cloud-init[909]: |. .oo.  ..oo     |
[   13.057521] cloud-init[909]: |   ..  ..oooo    |
[   13.058762] cloud-init[909]: |      .o*+.o..   |
[   13.059555] cloud-init[909]: +----[SHA256]-----+
[   13.061063] cloud-init[909]: Generating public/private ecdsa key pair.
[   13.062934] cloud-init[909]: Your identification has been saved in /etc/ssh/ssh_host_ecdsa_key.
[   13.066483] cloud-init[909]: Your public key has been saved in /etc/ssh/ssh_host_ecdsa_key.pub.
[   13.069105] cloud-init[909]: The key fingerprint is:
[   13.070882] cloud-init[909]: SHA256:rmd5/xQvVkI7zv5jgNAw+LFHld+PwwcFJwngamHSw+s root@ubuntu-bionic
[   13.072526] cloud-init[909]: The key's randomart image is:
[   13.092747] cloud-init[909]: +---[ECDSA 256]---+
[   13.114848] cloud-init[909]: |        . ..oo+o.|
[   13.117381] cloud-init[909]: |       + = . ..o.|
[   13.119719] cloud-init[909]: |      . B O   o..|
[   13.121420] cloud-init[909]: |       o O o ..o.|
[   13.122458] cloud-init[909]: |        S o ..=oo|
[   13.123381] cloud-init[909]: |       +   . ++*o|
[   13.135424] cloud-init[909]: |        E.    Bo.|
[   13.136776] cloud-init[909]: |       .+ .  + + |
[   13.138105] cloud-init[909]: |      .o . ...+.o|
[   13.141196] cloud-init[909]: +----[SHA256]-----+
[   13.143123] cloud-init[909]: Generating public/private ed25519 key pair.
[   13.145395] cloud-init[909]: Your identification has been saved in /etc/ssh/ssh_host_ed25519_key.
[   13.147353] cloud-init[909]: Your public key has been saved in /etc/ssh/ssh_host_ed25519_key.pub.
[   13.151553] cloud-init[909]: The key fingerprint is:
[   13.153421] cloud-init[909]: SHA256:LsZYT3TliXkT/7JWd1+yfLuSDA+fB3LsCM0Dr6ADu+U root@ubuntu-bionic
[   13.155004] cloud-init[909]: The key's randomart image is:
         Starting Virtualbox guest utils...
[   13.175109] cloud-init[909]: +--[ED25519 256]--+
[   13.176822]          Starting System Logging Service...
cloud-init[909]: |            o    |
[   13.179390] cloud-init[909]: |           = +   |
[   13.188261] cloud-init[909]: |        . + = .  |
[   13.188824] cloud-init[909]: |       . o . . . |
[   13.189408] cloud-init[909]: |      . S = . o *|
[   13.189954] cloud-init[909]: |   . + = . O = *=|
[   13.190529] cloud-init[909]: |    +.= + o % O o|
[   13.191257] cloud-init[909]: |   .o+ . . . X o.|
[   13.193994] cloud-init[909]: |   ..E.       oo.|
[   13.195801] cloud-init[909]: +----[SHA256]-----+
         Starting Pollinate to seed the pseudo random number generator...
         Starting Snap Daemon...
[[0;32m  OK  [0m] Started System Logging Service.
[[0;32m  OK  [0m] Started Availability of block devices.
[[0;32m  OK  [0m] Started Permit User Sessions.
[[0;32m  OK  [0m] Started Login Service.
[[0;32m  OK  [0m] Started LXD - container startup/shutdown.
         Starting Authorization Manager...
[[0;32m  OK  [0m] Started Unattended Upgrades Shutdown.
         Starting Hold until boot process finishes up...
         Starting Terminate Plymouth Boot Screen...
[[0;32m  OK  [0m] Started Hold until boot process finishes up.
         Starting Set console scheme...
[[0;32m  OK  [0m] Started Serial Getty on ttyS0.
[[0;32m  OK  [0m] Started Terminate Plymouth Boot Screen.
[[0;32m  OK  [0m] Started LSB: automatic crash report generation.
[[0;32m  OK  [0m] Started Authorization Manager.
[[0;32m  OK  [0m] Started Accounts Service.
[[0;32m  OK  [0m] Started Set console scheme.
[[0;32m  OK  [0m] Created slice system-getty.slice.
[[0;32m  OK  [0m] Started Getty on tty1.
[[0;32m  OK  [0m] Reached target Login Prompts.
[[0;32m  OK  [0m] Started LSB: Record successful boot for GRUB.
[[0;32m  OK  [0m] Started Virtualbox guest utils.
[[0;32m  OK  [0m] Started Dispatcher daemon for systemd-networkd.
[[0;32m  OK  [0m] Started Snap Daemon.
         Starting Wait until snapd is fully seeded...
[[0;32m  OK  [0m] Started Pollinate to seed the pseudo random number generator.
         Starting OpenBSD Secure Shell server...
[[0;32m  OK  [0m] Started OpenBSD Secure Shell server.
         Starting Time & Date Service...
[[0;32m  OK  [0m] Created slice User Slice of vagrant.
         Starting User Manager for UID 1000...
[[0;32m  OK  [0m] Started Session 1 of user vagrant.
[[0;32m  OK  [0m] Started Time & Date Service.
[[0;32m  OK  [0m] Started User Manager for UID 1000.
[[0;32m  OK  [0m] Started Wait until snapd is fully seeded.
         Starting Apply the settings specified in cloud-config...
[   17.525585] cloud-init[1522]: Cloud-init v. 23.1.2-0ubuntu0~18.04.1 running 'modules:config' at Sat, 24 May 2025 13:12:10 +0000. Up 17.10 seconds.
[[0;32m  OK  [0m] Started Apply the settings specified in cloud-config.
[[0;32m  OK  [0m] Reached target Multi-User System.
[[0;32m  OK  [0m] Reached target Graphical Interface.
         Starting Update UTMP about System Runlevel Changes...
         Starting Execute cloud user/final scripts...
[[0;32m  OK  [0m] Started Update UTMP about System Runlevel Changes.
ci-info: no authorized SSH keys fingerprints found for user ubuntu.
<14>May 24 13:12:12 cloud-init: #############################################################
<14>May 24 13:12:12 cloud-init: -----BEGIN SSH HOST KEY FINGERPRINTS-----
<14>May 24 13:12:12 cloud-init: 1024 SHA256:/A+qv9M9OpoEcriGGAi8/Hxx92BZjS05U3X34xAYABE root@ubuntu-bionic (DSA)
<14>May 24 13:12:12 cloud-init: 256 SHA256:rmd5/xQvVkI7zv5jgNAw+LFHld+PwwcFJwngamHSw+s root@ubuntu-bionic (ECDSA)
<14>May 24 13:12:12 cloud-init: 256 SHA256:LsZYT3TliXkT/7JWd1+yfLuSDA+fB3LsCM0Dr6ADu+U root@ubuntu-bionic (ED25519)
<14>May 24 13:12:12 cloud-init: 2048 SHA256:WaE7XxKae2lufgxJewIb89A9t6hbraBtRb/393zxH2U root@ubuntu-bionic (RSA)
<14>May 24 13:12:12 cloud-init: -----END SSH HOST KEY FINGERPRINTS-----
<14>May 24 13:12:12 cloud-init: #############################################################
-----BEGIN SSH HOST KEY KEYS-----
ecdsa-sha2-nistp256 AAAAE2VjZHNhLXNoYTItbmlzdHAyNTYAAAAIbmlzdHAyNTYAAABBBH7bSURAG77pm1ii7XNXhvoCbgvUJU4RIK58rziuj+mFz10Vk0N91MKCqtgkK5E4PXXAja+45zgjSZPXLr+JuZs= root@ubuntu-bionic
ssh-ed25519 AAAAC3NzaC1lZDI1NTE5AAAAIPk4mMKVBqatiVo7TRlXrvzZxkL8MCikwOw9dFcF7Ld/ root@ubuntu-bionic
ssh-rsa AAAAB3NzaC1yc2EAAAADAQABAAABAQDNHJM3CuRZBWEndDlVXa6AFt8RWAuTXKhobgccj7CQuB+77n86L5/zU6njkkbnKWalDNI6vpn7j8HLj/I3zvQHC9v08dN5gHgggdrgIdAlCfqMZKWj2UqzDHnZaEYD1a1bD2akW54BGqRy5C6YfMkXifdMC1KrI4nb6F85MOACJhgIEUBVBJaCr4grxj0LMTipzP1w+08EMiyAk0C80cntP0aO04F/Kgf1rZxg4AglZKmmZgpZXdIwvu2VQxfvQOd/4N1jTi044oRvMEb9KVrK+j4DOW5L7BLFDTstjQcwUhI2S79rsKrHKh6vJOOQynUmwHxfclWi8CxHM3eL0eiH root@ubuntu-bionic
-----END SSH HOST KEY KEYS-----
[   18.361769] cloud-init[1605]: Cloud-init v. 23.1.2-0ubuntu0~18.04.1 running 'modules:final' at Sat, 24 May 2025 13:12:11 +0000. Up 18.17 seconds.
[   18.365114] cloud-init[1605]: Cloud-init v. 23.1.2-0ubuntu0~18.04.1 finished at Sat, 24 May 2025 13:12:12 +0000. Datasource DataSourceNoCloud [seed=/dev/sdb][dsmode=net].  Up 18.35 seconds
[[0;32m  OK  [0m] Started Execute cloud user/final scripts.
[[0;32m  OK  [0m] Reached target Cloud-init target.

Ubuntu 18.04.6 LTS ubuntu-bionic ttyS0

ubuntu-bionic login: 